// Jest Snapshot v1, https://jestjs.io/docs/snapshot-testing

exports[`styled with palette colors 1`] = `
.emotion-0 {
  display: -webkit-box;
  display: -webkit-flex;
  display: -ms-flexbox;
  display: flex;
  -webkit-flex-direction: row;
  -ms-flex-direction: row;
  flex-direction: row;
  -webkit-align-items: center;
  -webkit-box-align: center;
  -ms-flex-align: center;
  align-items: center;
  -webkit-box-pack: center;
  -ms-flex-pack: center;
  -webkit-justify-content: center;
  justify-content: center;
  min-width: 142px;
  height: 40px;
  padding: 10px;
  font-family: 'orbitron',sans-serif;
  font-size: 18px;
  color: #fd05a0;
  background-color: #081e28;
  border: 1px solid #fd05a0;
  border-radius: 12px;
  transition-duration: 0.5s;
}

.emotion-0:hover {
  border-radius: 20px;
}

.emotion-1 {
  display: -webkit-box;
  display: -webkit-flex;
  display: -ms-flexbox;
  display: flex;
  -webkit-flex-direction: row;
  -ms-flex-direction: row;
  flex-direction: row;
  -webkit-align-items: center;
  -webkit-box-align: center;
  -ms-flex-align: center;
  align-items: center;
  -webkit-box-pack: right;
  -ms-flex-pack: right;
  -webkit-justify-content: right;
  justify-content: right;
  width: 42px;
}

<button
  class="emotion-0"
>
  count: 
  <div
    class="emotion-1"
    data-testid="count"
  >
    0
  </div>
</button>
`;
